--------- beginning of main
04-13 23:32:08.439  1542  1908 E SharedPreferencesImpl: Couldn't create directory for SharedPreferences file /data/user/0/com.google.android.gsf/shared_prefs/CheckinService.xml
04-13 23:32:08.566  1542  1542 E ChimeraRcvrProxy: com.google.android.gms.backup.GmsBackupStatusChangeReceiver dropping broadcast com.google.gservices.intent.action.GSERVICES_CHANGED
04-13 23:32:08.640  3029  3029 E ConfigUpdater: Content URL or Metadata URL from flag is empty, ignoring flag change.
04-13 23:32:08.652  3029  3029 E ConfigUpdater: Content URL or Metadata URL from flag is empty, ignoring flag change.
04-13 23:32:08.654  3029  3029 E ConfigUpdater: Content URL or Metadata URL from flag is empty, ignoring flag change.
04-13 23:32:08.674  3029  3029 E ConfigUpdater: Content URL or Metadata URL from flag is empty, ignoring flag change.
--------- beginning of system
04-13 23:32:08.992  1542  3353 E ActivityThread: Failed to find provider info for subscribedfeeds
04-13 23:32:08.997  1542  3353 E ActivityThread: Failed to find provider info for subscribedfeeds
04-13 23:32:09.210  3333  3372 E FirebaseCrashlytics: Settings request failed.
04-13 23:32:09.326  3333  3386 E FirebaseSessions: Error failed to fetch the remote configs: Unable to resolve host "firebase-settings.crashlytics.com": No address associated with hostname
04-13 23:32:09.377  3333  3393 E gate.ai.android: No package ID 6a found for resource ID 0x6a0b0013.
04-13 23:32:09.543  3333  3387 E FirebaseMessaging: Failed to get FIS auth token
04-13 23:32:09.543  3333  3387 E FirebaseMessaging: java.util.concurrent.ExecutionException: com.google.firebase.installations.FirebaseInstallationsException: Firebase Installations Service is unavailable. Please try again later.
04-13 23:32:09.543  3333  3387 E FirebaseMessaging: 	at com.google.android.gms.tasks.Tasks.zza(com.google.android.gms:play-services-tasks@@18.1.0:5)
04-13 23:32:09.543  3333  3387 E FirebaseMessaging: 	at com.google.android.gms.tasks.Tasks.await(com.google.android.gms:play-services-tasks@@18.1.0:9)
04-13 23:32:09.543  3333  3387 E FirebaseMessaging: 	at com.google.firebase.messaging.GmsRpc.setDefaultAttributesToBundle(GmsRpc.java:280)
04-13 23:32:09.543  3333  3387 E FirebaseMessaging: 	at com.google.firebase.messaging.GmsRpc.startRpc(GmsRpc.java:242)
04-13 23:32:09.543  3333  3387 E FirebaseMessaging: 	at com.google.firebase.messaging.GmsRpc.getToken(GmsRpc.java:192)
04-13 23:32:09.543  3333  3387 E FirebaseMessaging: 	at com.google.firebase.messaging.FirebaseMessaging.lambda$blockingGetToken$14$com-google-firebase-messaging-FirebaseMessaging(FirebaseMessaging.java:650)
04-13 23:32:09.543  3333  3387 E FirebaseMessaging: 	at com.google.firebase.messaging.FirebaseMessaging$$ExternalSyntheticLambda14.start(D8$$SyntheticClass:0)
04-13 23:32:09.543  3333  3387 E FirebaseMessaging: 	at com.google.firebase.messaging.RequestDeduplicator.getOrStartGetTokenRequest(RequestDeduplicator.java:67)
04-13 23:32:09.543  3333  3387 E FirebaseMessaging: 	at com.google.firebase.messaging.FirebaseMessaging.blockingGetToken(FirebaseMessaging.java:646)
04-13 23:32:09.543  3333  3387 E FirebaseMessaging: 	at com.google.firebase.messaging.SyncTask.maybeRefreshToken(SyncTask.java:123)
04-13 23:32:09.543  3333  3387 E FirebaseMessaging: 	at com.google.firebase.messaging.SyncTask.run(SyncTask.java:93)
04-13 23:32:09.543  3333  3387 E FirebaseMessaging: 	at java.util.concurrent.Executors$RunnableAdapter.call(Executors.java:520)
04-13 23:32:09.543  3333  3387 E FirebaseMessaging: 	at java.util.concurrent.FutureTask.run(FutureTask.java:328)
04-13 23:32:09.543  3333  3387 E FirebaseMessaging: 	at java.util.concurrent.ScheduledThreadPoolExecutor$ScheduledFutureTask.run(ScheduledThreadPoolExecutor.java:323)
04-13 23:32:09.543  3333  3387 E FirebaseMessaging: 	at java.util.concurrent.ThreadPoolExecutor.runWorker(ThreadPoolExecutor.java:1100)
04-13 23:32:09.543  3333  3387 E FirebaseMessaging: 	at java.util.concurrent.ThreadPoolExecutor$Worker.run(ThreadPoolExecutor.java:624)
04-13 23:32:09.543  3333  3387 E FirebaseMessaging: 	at com.google.android.gms.common.util.concurrent.zza.run(com.google.android.gms:play-services-basement@@18.9.0:2)
04-13 23:32:09.543  3333  3387 E FirebaseMessaging: 	at java.lang.Thread.run(Thread.java:1572)
04-13 23:32:09.543  3333  3387 E FirebaseMessaging: Caused by: com.google.firebase.installations.FirebaseInstallationsException: Firebase Installations Service is unavailable. Please try again later.
04-13 23:32:09.543  3333  3387 E FirebaseMessaging: 	at com.google.firebase.installations.remote.FirebaseInstallationServiceClient.generateAuthToken(FirebaseInstallationServiceClient.java:447)
04-13 23:32:09.543  3333  3387 E FirebaseMessaging: 	at com.google.firebase.installations.FirebaseInstallations.fetchAuthTokenFromServer(FirebaseInstallations.java:567)
04-13 23:32:09.543  3333  3387 E FirebaseMessaging: 	at com.google.firebase.installations.FirebaseInstallations.doNetworkCallIfNecessary(FirebaseInstallations.java:390)
04-13 23:32:09.543  3333  3387 E FirebaseMessaging: 	at com.google.firebase.installations.FirebaseInstallations.lambda$doRegistrationOrRefresh$3$com-google-firebase-installations-FirebaseInstallations(FirebaseInstallations.java:373)
04-13 23:32:09.543  3333  3387 E FirebaseMessaging: 	at com.google.firebase.installations.FirebaseInstallations$$ExternalSyntheticLambda1.run(D8$$SyntheticClass:0)
04-13 23:32:09.543  3333  3387 E FirebaseMessaging: 	at com.google.firebase.concurrent.SequentialExecutor$QueueWorker.workOnQueue(SequentialExecutor.java:229)
04-13 23:32:09.543  3333  3387 E FirebaseMessaging: 	at com.google.firebase.concurrent.SequentialExecutor$QueueWorker.run(SequentialExecutor.java:174)
04-13 23:32:09.543  3333  3387 E FirebaseMessaging: 	at java.util.concurrent.ThreadPoolExecutor.runWorker(ThreadPoolExecutor.java:1100)
04-13 23:32:09.543  3333  3387 E FirebaseMessaging: 	at java.util.concurrent.ThreadPoolExecutor$Worker.run(ThreadPoolExecutor.java:624)
04-13 23:32:09.543  3333  3387 E FirebaseMessaging: 	at com.google.firebase.concurrent.CustomThreadFactory.lambda$newThread$0$com-google-firebase-concurrent-CustomThreadFactory(CustomThreadFactory.java:47)
04-13 23:32:09.543  3333  3387 E FirebaseMessaging: 	at com.google.firebase.concurrent.CustomThreadFactory$$ExternalSyntheticLambda0.run(D8$$SyntheticClass:0)
04-13 23:32:09.543  3333  3387 E FirebaseMessaging: 	... 1 more
04-13 23:32:09.735  1542  1675 E jndq    : *~*~*~ Previous channel {0} was garbage collected without being shut down! ~*~*~*
04-13 23:32:09.735  1542  1675 E jndq    :     Make sure to call shutdown()/shutdownNow()
04-13 23:32:09.735  1542  1675 E jndq    : java.lang.RuntimeException: ManagedChannel allocation site
04-13 23:32:09.735  1542  1675 E jndq    : 	at jndp.<init>(:com.google.android.gms@261133035@26.11.33 (260400-887465546):21)
04-13 23:32:09.735  1542  1675 E jndq    : 	at jndq.<init>(:com.google.android.gms@261133035@26.11.33 (260400-887465546):10)
04-13 23:32:09.735  1542  1675 E jndq    : 	at jndo.a(:com.google.android.gms@261133035@26.11.33 (260400-887465546):296)
04-13 23:32:09.735  1542  1675 E jndq    : 	at jmlh.a(:com.google.android.gms@261133035@26.11.33 (260400-887465546):5)
04-13 23:32:09.735  1542  1675 E jndq    : 	at biea.a(:com.google.android.gms@261133035@26.11.33 (260400-887465546):85)
04-13 23:32:09.735  1542  1675 E jndq    : 	at bidr.t(:com.google.android.gms@261133035@26.11.33 (260400-887465546):119)
04-13 23:32:09.735  1542  1675 E jndq    : 	at bidr.G(:com.google.android.gms@261133035@26.11.33 (260400-887465546):5)
04-13 23:32:09.735  1542  1675 E jndq    : 	at fhhu.a(:com.google.android.gms@261133035@26.11.33 (260400-887465546):45)
04-13 23:32:09.735  1542  1675 E jndq    : 	at fhgz.c(:com.google.android.gms@261133035@26.11.33 (260400-887465546):20)
04-13 23:32:09.735  1542  1675 E jndq    : 	at fhgz.a(:com.google.android.gms@261133035@26.11.33 (260400-887465546):3)
04-13 23:32:09.735  1542  1675 E jndq    : 	at bbyc.run(:com.google.android.gms@261133035@26.11.33 (260400-887465546):5)
04-13 23:32:09.735  1542  1675 E jndq    : 	at bikd.c(:com.google.android.gms@261133035@26.11.33 (260400-887465546):50)
04-13 23:32:09.735  1542  1675 E jndq    : 	at bikd.run(:com.google.android.gms@261133035@26.11.33 (260400-887465546):73)
04-13 23:32:09.735  1542  1675 E jndq    : 	at java.util.concurrent.ThreadPoolExecutor.runWorker(ThreadPoolExecutor.java:1100)
04-13 23:32:09.735  1542  1675 E jndq    : 	at java.util.concurrent.ThreadPoolExecutor$Worker.run(ThreadPoolExecutor.java:624)
04-13 23:32:09.735  1542  1675 E jndq    : 	at bipu.run(:com.google.android.gms@261133035@26.11.33 (260400-887465546):8)
04-13 23:32:09.735  1542  1675 E jndq    : 	at java.lang.Thread.run(Thread.java:1572)
04-13 23:32:10.086  3333  3387 E FirebaseMessaging: Topic sync or token retrieval failed on hard failure exceptions: java.util.concurrent.ExecutionException: java.io.IOException: FIS_AUTH_ERROR. Won't retry the operation.
04-13 23:32:10.490   638   730 E JobScheduler.JobStatus: App com.google.android.apps.photos became active but still in NEVER bucket
04-13 23:32:10.505   638   730 E JobScheduler.JobStatus: App com.google.android.apps.photos became active but still in NEVER bucket
04-13 23:32:10.560   638   864 E JobScheduler.JobStatus: App com.google.android.apps.photos became active but still in NEVER bucket
04-13 23:32:10.564   638  1932 E JobScheduler.JobStatus: App com.google.android.apps.photos became active but still in NEVER bucket
04-13 23:32:10.566   638   864 E JobScheduler.JobStatus: App com.google.android.apps.photos became active but still in NEVER bucket
04-13 23:32:10.570   638   864 E JobScheduler.JobStatus: App com.google.android.apps.photos became active but still in NEVER bucket
04-13 23:32:10.580   638   864 E JobScheduler.JobStatus: App com.google.android.apps.photos became active but still in NEVER bucket
04-13 23:32:10.624   638   864 E JobScheduler.JobStatus: App com.google.android.apps.photos became active but still in NEVER bucket
04-13 23:32:10.689   638   864 E JobScheduler.JobStatus: App com.google.android.apps.photos became active but still in NEVER bucket
04-13 23:32:10.693   638  1715 E JobScheduler.JobStatus: App com.google.android.apps.photos became active but still in NEVER bucket
04-13 23:32:10.695   638   864 E JobScheduler.JobStatus: App com.google.android.apps.photos became active but still in NEVER bucket
04-13 23:32:10.710   638  1870 E JobScheduler.JobStatus: App com.google.android.apps.photos became active but still in NEVER bucket
04-13 23:32:10.973  1542  2784 E native_loader: Java_hotLoad not found!
04-13 23:32:10.973  1542  2784 E NativeHotLoader: Failed to hotload library '/data/app/~~daY-BrL2VauVb27cCN84cQ==/com.google.android.gms-lbPydDxSa-XO5sTtWRXj6g==/base.apk!/lib/arm64-v8a/libgmscore.so'. [CONTEXT service_id=447 ]
04-13 23:32:11.052   892  1080 E ServiceManager: error in isDeclared
04-13 23:32:11.052   892  1080 E ServiceManager: java.lang.SecurityException: SELinux denied for service.
04-13 23:32:11.052   892  1080 E ServiceManager: 	at android.os.Parcel.createExceptionOrNull(Parcel.java:3383)
04-13 23:32:11.052   892  1080 E ServiceManager: 	at android.os.Parcel.createException(Parcel.java:3367)
04-13 23:32:11.052   892  1080 E ServiceManager: 	at android.os.Parcel.readException(Parcel.java:3350)
04-13 23:32:11.052   892  1080 E ServiceManager: 	at android.os.Parcel.readException(Parcel.java:3292)
04-13 23:32:11.052   892  1080 E ServiceManager: 	at android.os.IServiceManager$Stub$Proxy.isDeclared(IServiceManager.java:688)
04-13 23:32:11.052   892  1080 E ServiceManager: 	at android.os.ServiceManagerProxy.isDeclared(ServiceManagerNative.java:104)
04-13 23:32:11.052   892  1080 E ServiceManager: 	at android.os.ServiceManager.isDeclared(ServiceManager.java:261)
04-13 23:32:11.052   892  1080 E ServiceManager: 	at android.os.ServiceManager.waitForDeclaredService(ServiceManager.java:317)
04-13 23:32:11.052   892  1080 E ServiceManager: 	at com.google.android.systemui.googlebattery.GoogleBatteryManager.initHalInterface(go/retraceme 2b9555e93469c570fe1eba6e00ba55c641998f0b05ea4e8d6000e443e74ca7fc:14)
04-13 23:32:11.052   892  1080 E ServiceManager: 	at com.google.android.systemui.power.batteryhealth.HealthManager$initHalInterface$2.invokeSuspend(go/retraceme 2b9555e93469c570fe1eba6e00ba55c641998f0b05ea4e8d6000e443e74ca7fc:20)
04-13 23:32:11.052   892  1080 E ServiceManager: 	at com.google.android.systemui.power.batteryhealth.HealthManager$initHalInterface$2.invoke(go/retraceme 2b9555e93469c570fe1eba6e00ba55c641998f0b05ea4e8d6000e443e74ca7fc:12)
04-13 23:32:11.052   892  1080 E ServiceManager: 	at com.google.android.systemui.power.batteryhealth.HealthManager$runOnBackground$2.invokeSuspend(go/retraceme 2b9555e93469c570fe1eba6e00ba55c641998f0b05ea4e8d6000e443e74ca7fc:33)
04-13 23:32:11.052   892  1080 E ServiceManager: 	at kotlin.coroutines.jvm.internal.BaseContinuationImpl.resumeWith(go/retraceme 2b9555e93469c570fe1eba6e00ba55c641998f0b05ea4e8d6000e443e74ca7fc:7)
04-13 23:32:11.052   892  1080 E ServiceManager: 	at kotlinx.coroutines.DispatchedTask.run(go/retraceme 2b9555e93469c570fe1eba6e00ba55c641998f0b05ea4e8d6000e443e74ca7fc:111)
04-13 23:32:11.052   892  1080 E ServiceManager: 	at java.util.concurrent.ThreadPoolExecutor.runWorker(ThreadPoolExecutor.java:1100)
04-13 23:32:11.052   892  1080 E ServiceManager: 	at java.util.concurrent.ThreadPoolExecutor$Worker.run(ThreadPoolExecutor.java:624)
04-13 23:32:11.052   892  1080 E ServiceManager: 	at java.lang.Thread.run(Thread.java:1572)
04-13 23:32:11.812  1542  2784 E Pay     : NfcAdapter is null while obtaining CardEmulation instance. [CONTEXT service_id=198 ]
04-13 23:32:11.812  1542  2784 E Pay     : CardEmulation is null while checking aid registration. [CONTEXT service_id=198 ]
04-13 23:32:12.590   638   796 E Nl80211Native: getChannelsMhzForBand: Wiphy index not recorded for band 8
04-13 23:32:12.590   638   796 E Nl80211Native: getChannelsMhzForBand: Wiphy index not recorded for band 16
04-13 23:32:12.678  2522  2839 E GoogleApiManager: Failed to get service from broker. 
04-13 23:32:12.678  2522  2839 E GoogleApiManager: java.lang.SecurityException: Unknown calling package name 'com.google.android.gms'.
04-13 23:32:12.678  2522  2839 E GoogleApiManager: 	at android.os.Parcel.createExceptionOrNull(Parcel.java:3383)
04-13 23:32:12.678  2522  2839 E GoogleApiManager: 	at android.os.Parcel.createException(Parcel.java:3367)
04-13 23:32:12.678  2522  2839 E GoogleApiManager: 	at android.os.Parcel.readException(Parcel.java:3350)
04-13 23:32:12.678  2522  2839 E GoogleApiManager: 	at android.os.Parcel.readException(Parcel.java:3292)
04-13 23:32:12.678  2522  2839 E GoogleApiManager: 	at bhqm.a(:com.google.android.gms@261133035@26.11.33 (260400-887465546):36)
04-13 23:32:12.678  2522  2839 E GoogleApiManager: 	at bhon.z(:com.google.android.gms@261133035@26.11.33 (260400-887465546):143)
04-13 23:32:12.678  2522  2839 E GoogleApiManager: 	at bgup.run(:com.google.android.gms@261133035@26.11.33 (260400-887465546):42)
04-13 23:32:12.678  2522  2839 E GoogleApiManager: 	at android.os.Handler.handleCallback(Handler.java:1095)
04-13 23:32:12.678  2522  2839 E GoogleApiManager: 	at android.os.Handler.dispatchMessageImpl(Handler.java:135)
04-13 23:32:12.678  2522  2839 E GoogleApiManager: 	at android.os.Handler.dispatchMessage(Handler.java:125)
04-13 23:32:12.678  2522  2839 E GoogleApiManager: 	at cwvx.mr(:com.google.android.gms@261133035@26.11.33 (260400-887465546):1)
04-13 23:32:12.678  2522  2839 E GoogleApiManager: 	at cwvx.dispatchMessage(:com.google.android.gms@261133035@26.11.33 (260400-887465546):5)
04-13 23:32:12.678  2522  2839 E GoogleApiManager: 	at android.os.Looper.loopOnce(Looper.java:292)
04-13 23:32:12.678  2522  2839 E GoogleApiManager: 	at android.os.Looper.loop(Looper.java:393)
04-13 23:32:12.678  2522  2839 E GoogleApiManager: 	at android.os.HandlerThread.run(HandlerThread.java:139)
04-13 23:32:12.731   638   918 E SystemServiceRegistry: No service published for: persistent_data_block
04-13 23:32:12.731   638   918 E SystemServiceRegistry: android.os.ServiceManager$ServiceNotFoundException: No service published for: persistent_data_block
04-13 23:32:12.731   638   918 E SystemServiceRegistry: 	at android.os.ServiceManager.getServiceOrThrow(ServiceManager.java:176)
04-13 23:32:12.731   638   918 E SystemServiceRegistry: 	at android.app.SystemServiceRegistry$90.createService(SystemServiceRegistry.java:1286)
04-13 23:32:12.731   638   918 E SystemServiceRegistry: 	at android.app.SystemServiceRegistry$90.createService(SystemServiceRegistry.java:1283)
04-13 23:32:12.731   638   918 E SystemServiceRegistry: 	at android.app.SystemServiceRegistry$StaticServiceFetcher.getService(SystemServiceRegistry.java:2847)
04-13 23:32:12.731   638   918 E SystemServiceRegistry: 	at android.app.SystemServiceRegistry.getSystemService(SystemServiceRegistry.java:2285)
04-13 23:32:12.731   638   918 E SystemServiceRegistry: 	at android.app.ContextImpl.getSystemService(ContextImpl.java:2448)
04-13 23:32:12.731   638   918 E SystemServiceRegistry: 	at android.content.Context.getSystemService(Context.java:4917)
04-13 23:32:12.731   638   918 E SystemServiceRegistry: 	at com.android.server.pm.PackageInstallerSession.markAsSealed(PackageInstallerSession.java:2595)
04-13 23:32:12.731   638   918 E SystemServiceRegistry: 	at com.android.server.pm.PackageInstallerSession.commit(PackageInstallerSession.java:2345)
04-13 23:32:12.731   638   918 E SystemServiceRegistry: 	at android.content.pm.PackageInstaller$Session.commit(PackageInstaller.java:2345)
04-13 23:32:12.731   638   918 E SystemServiceRegistry: 	at com.android.server.pm.PackageManagerShellCommand.doCommitSession(PackageManagerShellCommand.java:4453)
04-13 23:32:12.731   638   918 E SystemServiceRegistry: 	at com.android.server.pm.PackageManagerShellCommand.doRunInstall(PackageManagerShellCommand.java:1655)
04-13 23:32:12.731   638   918 E SystemServiceRegistry: 	at com.android.server.pm.PackageManagerShellCommand.runInstall(PackageManagerShellCommand.java:1576)
04-13 23:32:12.731   638   918 E SystemServiceRegistry: 	at com.android.server.pm.PackageManagerShellCommand.onCommand(PackageManagerShellCommand.java:248)
04-13 23:32:12.731   638   918 E SystemServiceRegistry: 	at com.android.modules.utils.BasicShellCommandHandler.exec(BasicShellCommandHandler.java:97)
04-13 23:32:12.731   638   918 E SystemServiceRegistry: 	at android.os.ShellCommand.exec(ShellCommand.java:39)
04-13 23:32:12.731   638   918 E SystemServiceRegistry: 	at com.android.server.pm.PackageManagerService$IPackageManagerImpl.onShellCommand(PackageManagerService.java:6981)
04-13 23:32:12.731   638   918 E SystemServiceRegistry: 	at android.os.Binder.shellCommand(Binder.java:1176)
04-13 23:32:12.731   638   918 E SystemServiceRegistry: 	at android.os.Binder.onTransact(Binder.java:961)
04-13 23:32:12.731   638   918 E SystemServiceRegistry: 	at android.content.pm.IPackageManager$Stub.onTransact(IPackageManager.java:4786)
04-13 23:32:12.731   638   918 E SystemServiceRegistry: 	at com.android.server.pm.PackageManagerService$IPackageManagerImpl.onTransact(PackageManagerService.java:6965)
04-13 23:32:12.731   638   918 E SystemServiceRegistry: 	at android.os.Binder.execTransactInternal(Binder.java:1471)
04-13 23:32:12.731   638   918 E SystemServiceRegistry: 	at android.os.Binder.execTransact(Binder.java:1411)
04-13 23:32:12.731   638   918 E SystemServiceRegistry: Manager wrapper not available: persistent_data_block
04-13 23:32:13.101   638   803 E AppOps  : attributionTag VCN not declared in manifest of android
04-13 23:32:13.125  1020  1020 E SmsApplication: com.google.android.apps.messaging lost android:read_cell_broadcasts:  (fixing)
04-13 23:32:13.151   638   659 E AtomicFile: Failed to rename /data/system/install_sessions.xml.new to /data/system/install_sessions.xml
04-13 23:32:13.309  1020  1020 E SmsApplication: com.google.android.apps.messaging lost android:read_cell_broadcasts:  (fixing)
04-13 23:32:13.408  1020  1020 E SmsApplication: com.google.android.apps.messaging lost android:read_cell_broadcasts:  (fixing)
04-13 23:32:13.419  1834  2208 E Finsky  : [64] [Counters] attempted to use a non-positive increment for: 4752
04-13 23:32:13.425  1834  2208 E Finsky  : [64] [Counters] attempted to use a non-positive increment for: 4752
04-13 23:32:13.428  1834  2208 E Finsky  : [64] [Counters] attempted to use a non-positive increment for: 4753
04-13 23:32:13.429  1834  2047 E Finsky  : [53] [Counters] attempted to use a non-positive increment for: 4753
04-13 23:32:13.440   638  3618 E RoleControllerServiceImpl: Default/fallback role holder package doesn't qualify for the role, package: com.google.android.gms.supervision, role: android.app.role.SYSTEM_SUPERVISION, user: 0
04-13 23:32:13.466   638  3618 E RoleControllerServiceImpl: Default/fallback role holder package doesn't qualify for the role, package: com.google.android.gms, role: android.app.role.SYSTEM_DEPENDENCY_INSTALLER, user: 0
04-13 23:32:13.486  1834  2047 E Finsky  : [53] [Counters] attempted to use a non-positive increment for: 4752
04-13 23:32:13.486  1834  2047 E Finsky  : [53] [Counters] attempted to use a non-positive increment for: 4753
04-13 23:32:13.492  1834  2208 E Finsky  : [64] [Counters] attempted to use a non-positive increment for: 4752
04-13 23:32:13.494  1834  2047 E Finsky  : [53] [Counters] attempted to use a non-positive increment for: 4753
04-13 23:32:13.526   638  3618 E RoleControllerServiceImpl: Default/fallback role holder package doesn't qualify for the role, package: com.google.android.gms, role: android.app.role.WALLET, user: 0
04-13 23:32:14.097   638   986 E AppOps  : attributionTag VCN not declared in manifest of android
04-13 23:32:15.173  3488  3527 E rules.WifiPresence: setWifiFences failed
04-13 23:32:15.173  3488  3527 E rules.WifiPresence: dda: 17: API: WifiPresenceClient.API is not available on this device. Connection failed with: dbs{statusCode=API_UNAVAILABLE, resolution=null, message=null, clientMethodKey=null}
04-13 23:32:15.173  3488  3527 E rules.WifiPresence: 	at dcx.b(PG:15)
04-13 23:32:15.173  3488  3527 E rules.WifiPresence: 	at jyf.a(PG:5)
04-13 23:32:15.173  3488  3527 E rules.WifiPresence: 	at ddy.e(PG:5)
04-13 23:32:15.173  3488  3527 E rules.WifiPresence: 	at deq.t(PG:48)
04-13 23:32:15.173  3488  3527 E rules.WifiPresence: 	at deq.f(PG:10)
04-13 23:32:15.173  3488  3527 E rules.WifiPresence: 	at deq.j(PG:164)
04-13 23:32:15.173  3488  3527 E rules.WifiPresence: 	at deq.i(PG:2)
04-13 23:32:15.173  3488  3527 E rules.WifiPresence: 	at bnw.run(PG:278)
04-13 23:32:15.173  3488  3527 E rules.WifiPresence: 	at android.os.Handler.handleCallback(Handler.java:1095)
04-13 23:32:15.173  3488  3527 E rules.WifiPresence: 	at android.os.Handler.dispatchMessageImpl(Handler.java:135)
04-13 23:32:15.173  3488  3527 E rules.WifiPresence: 	at android.os.Handler.dispatchMessage(Handler.java:125)
04-13 23:32:15.173  3488  3527 E rules.WifiPresence: 	at android.os.Looper.loopOnce(Looper.java:292)
04-13 23:32:15.173  3488  3527 E rules.WifiPresence: 	at android.os.Looper.loop(Looper.java:393)
04-13 23:32:15.173  3488  3527 E rules.WifiPresence: 	at android.os.HandlerThread.run(HandlerThread.java:139)
04-13 23:32:17.606   638   653 E JobScheduler.JobStatus: App com.google.android.apps.photos became active but still in NEVER bucket
04-13 23:32:17.625  3678  3678 E unknown:ReactHost: Unhandled SoftException
04-13 23:32:17.625  3678  3678 E unknown:ReactHost: com.facebook.react.bridge.ReactNoCrashSoftException: raiseSoftException(onWindowFocusChange(hasFocus = "true")): Tried to access onWindowFocusChange while context is not ready
04-13 23:32:17.625  3678  3678 E unknown:ReactHost: 	at com.facebook.react.runtime.ReactHostImpl.raiseSoftException(ReactHostImpl.kt:787)
04-13 23:32:17.625  3678  3678 E unknown:ReactHost: 	at com.facebook.react.runtime.ReactHostImpl.raiseSoftException$default(ReactHostImpl.kt:779)
04-13 23:32:17.625  3678  3678 E unknown:ReactHost: 	at com.facebook.react.runtime.ReactHostImpl.onWindowFocusChange(ReactHostImpl.kt:589)
04-13 23:32:17.625  3678  3678 E unknown:ReactHost: 	at com.facebook.react.ReactDelegate.onWindowFocusChanged(ReactDelegate.kt:217)
04-13 23:32:17.625  3678  3678 E unknown:ReactHost: 	at com.facebook.react.ReactActivityDelegate.onWindowFocusChanged(ReactActivityDelegate.java:236)
04-13 23:32:17.625  3678  3678 E unknown:ReactHost: 	at expo.modules.ReactActivityDelegateWrapper$onWindowFocusChanged$1.invokeSuspend(ReactActivityDelegateWrapper.kt:353)
04-13 23:32:17.625  3678  3678 E unknown:ReactHost: 	at expo.modules.ReactActivityDelegateWrapper$onWindowFocusChanged$1.invoke(ReactActivityDelegateWrapper.kt:8)
04-13 23:32:17.625  3678  3678 E unknown:ReactHost: 	at expo.modules.ReactActivityDelegateWrapper$onWindowFocusChanged$1.invoke(ReactActivityDelegateWrapper.kt:4)
04-13 23:32:17.625  3678  3678 E unknown:ReactHost: 	at expo.modules.ReactActivityDelegateWrapper$launchLifecycleScopeWithLock$1.invokeSuspend(ReactActivityDelegateWrapper.kt:485)
04-13 23:32:17.625  3678  3678 E unknown:ReactHost: 	at kotlin.coroutines.jvm.internal.BaseContinuationImpl.resumeWith(ContinuationImpl.kt:33)
04-13 23:32:17.625  3678  3678 E unknown:ReactHost: 	at kotlinx.coroutines.internal.DispatchedContinuationKt.resumeCancellableWith(DispatchedContinuation.kt:359)
04-13 23:32:17.625  3678  3678 E unknown:ReactHost: 	at kotlinx.coroutines.intrinsics.CancellableKt.startCoroutineCancellable(Cancellable.kt:26)
04-13 23:32:17.625  3678  3678 E unknown:ReactHost: 	at kotlinx.coroutines.CoroutineStart.invoke(CoroutineStart.kt:358)
04-13 23:32:17.625  3678  3678 E unknown:ReactHost: 	at kotlinx.coroutines.AbstractCoroutine.start(AbstractCoroutine.kt:124)
04-13 23:32:17.625  3678  3678 E unknown:ReactHost: 	at kotlinx.coroutines.BuildersKt__Builders_commonKt.launch(Builders.common.kt:52)
04-13 23:32:17.625  3678  3678 E unknown:ReactHost: 	at kotlinx.coroutines.BuildersKt.launch(dex-id-7599d327e52a267c2e38215ca86f090b8e94775f:1)
04-13 23:32:17.625  3678  3678 E unknown:ReactHost: 	at kotlinx.coroutines.BuildersKt__Builders_commonKt.launch$default(Builders.common.kt:43)
04-13 23:32:17.625  3678  3678 E unknown:ReactHost: 	at kotlinx.coroutines.BuildersKt.launch$default(dex-id-7599d327e52a267c2e38215ca86f090b8e94775f:1)
04-13 23:32:17.625  3678  3678 E unknown:ReactHost: 	at expo.modules.ReactActivityDelegateWrapper.launchLifecycleScopeWithLock(ReactActivityDelegateWrapper.kt:483)
04-13 23:32:17.625  3678  3678 E unknown:ReactHost: 	at expo.modules.ReactActivityDelegateWrapper.launchLifecycleScopeWithLock$default(ReactActivityDelegateWrapper.kt:479)
04-13 23:32:17.625  3678  3678 E unknown:ReactHost: 	at expo.modules.ReactActivityDelegateWrapper.onWindowFocusChanged(ReactActivityDelegateWrapper.kt:351)
04-13 23:32:17.625  3678  3678 E unknown:ReactHost: 	at com.facebook.react.ReactActivity.onWindowFocusChanged(ReactActivity.java:158)
04-13 23:32:17.625  3678  3678 E unknown:ReactHost: 	at androidx.appcompat.view.WindowCallbackWrapper.onWindowFocusChanged(WindowCallbackWrapper.java:124)
04-13 23:32:17.625  3678  3678 E unknown:ReactHost: 	at com.android.internal.policy.DecorView.onWindowFocusChanged(DecorView.java:1653)
04-13 23:32:17.625  3678  3678 E unknown:ReactHost: 	at android.view.View.dispatchWindowFocusChanged(View.java:17293)
04-13 23:32:17.625  3678  3678 E unknown:ReactHost: 	at android.view.ViewGroup.dispatchWindowFocusChanged(ViewGroup.java:1535)
04-13 23:32:17.625  3678  3678 E unknown:ReactHost: 	at android.view.ViewRootImpl.dispatchFocusEvent(ViewRootImpl.java:5261)
04-13 23:32:17.625  3678  3678 E unknown:ReactHost: 	at android.view.ViewRootImpl.handleWindowFocusChanged(ViewRootImpl.java:5165)
04-13 23:32:17.625  3678  3678 E unknown:ReactHost: 	at android.view.ViewRootImpl.-$$Nest$mhandleWindowFocusChanged(ViewRootImpl.java:0)
04-13 23:32:17.625  3678  3678 E unknown:ReactHost: 	at android.view.ViewRootImpl$ViewRootHandler.handleMessageImpl(ViewRootImpl.java:7429)
04-13 23:32:17.625  3678  3678 E unknown:ReactHost: 	at android.view.ViewRootImpl$ViewRootHandler.handleMessage(ViewRootImpl.java:7332)
04-13 23:32:17.625  3678  3678 E unknown:ReactHost: 	at android.os.Handler.dispatchMessageImpl(Handler.java:142)
04-13 23:32:17.625  3678  3678 E unknown:ReactHost: 	at android.os.Handler.dispatchMessage(Handler.java:125)
04-13 23:32:17.625  3678  3678 E unknown:ReactHost: 	at android.os.Looper.loopOnce(Looper.java:292)
04-13 23:32:17.625  3678  3678 E unknown:ReactHost: 	at android.os.Looper.loop(Looper.java:393)
04-13 23:32:17.625  3678  3678 E unknown:ReactHost: 	at android.app.ActivityThread.main(ActivityThread.java:9486)
04-13 23:32:17.625  3678  3678 E unknown:ReactHost: 	at java.lang.reflect.Method.invoke(Native Method)
04-13 23:32:17.625  3678  3678 E unknown:ReactHost: 	at com.android.internal.os.RuntimeInit$MethodAndArgsCaller.run(RuntimeInit.java:575)
04-13 23:32:17.625  3678  3678 E unknown:ReactHost: 	at com.android.internal.os.ZygoteInit.main(ZygoteInit.java:939)
04-13 23:32:17.648   286   293 E lowmemorykiller: process_mrelease 2912 failed: No such process
04-13 23:32:17.654  1542  3585 E SharingClientImpl: Unsuspend failed: null
04-13 23:32:19.185   638   661 E system_server: No package ID ff found for resource ID 0xffffffff.
04-13 23:32:19.298  3678  3802 E unknown:UIManagerModuleConstantsHelper: Direct event name for 'CameraView' doesn't correspond to the naming convention, expected 'topEventName'->'onEventName', got 'topCameraStarted'->'onStarted'
04-13 23:32:19.298  3678  3802 E unknown:UIManagerModuleConstantsHelper: Direct event name for 'CameraView' doesn't correspond to the naming convention, expected 'topEventName'->'onEventName', got 'topCameraError'->'onError'
04-13 23:32:19.298  3678  3802 E unknown:UIManagerModuleConstantsHelper: Direct event name for 'CameraView' doesn't correspond to the naming convention, expected 'topEventName'->'onEventName', got 'topCameraViewReady'->'onViewReady'
04-13 23:32:19.298  3678  3802 E unknown:UIManagerModuleConstantsHelper: Direct event name for 'CameraView' doesn't correspond to the naming convention, expected 'topEventName'->'onEventName', got 'topCameraAverageFpsChanged'->'onAverageFpsChanged'
04-13 23:32:19.298  3678  3802 E unknown:UIManagerModuleConstantsHelper: Direct event name for 'CameraView' doesn't correspond to the naming convention, expected 'topEventName'->'onEventName', got 'topCameraShutter'->'onShutter'
04-13 23:32:19.298  3678  3802 E unknown:UIManagerModuleConstantsHelper: Direct event name for 'CameraView' doesn't correspond to the naming convention, expected 'topEventName'->'onEventName', got 'topCameraOutputOrientationChanged'->'onOutputOrientationChanged'
04-13 23:32:19.298  3678  3802 E unknown:UIManagerModuleConstantsHelper: Direct event name for 'CameraView' doesn't correspond to the naming convention, expected 'topEventName'->'onEventName', got 'topCameraInitialized'->'onInitialized'
04-13 23:32:19.298  3678  3802 E unknown:UIManagerModuleConstantsHelper: Direct event name for 'CameraView' doesn't correspond to the naming convention, expected 'topEventName'->'onEventName', got 'topCameraCodeScanned'->'onCodeScanned'
04-13 23:32:19.298  3678  3802 E unknown:UIManagerModuleConstantsHelper: Direct event name for 'CameraView' doesn't correspond to the naming convention, expected 'topEventName'->'onEventName', got 'topCameraPreviewOrientationChanged'->'onPreviewOrientationChanged'
04-13 23:32:19.298  3678  3802 E unknown:UIManagerModuleConstantsHelper: Direct event name for 'CameraView' doesn't correspond to the naming convention, expected 'topEventName'->'onEventName', got 'topCameraStopped'->'onStopped'
04-13 23:32:19.298  3678  3802 E unknown:UIManagerModuleConstantsHelper: Direct event name for 'CameraView' doesn't correspond to the naming convention, expected 'topEventName'->'onEventName', got 'topCameraPreviewStarted'->'onPreviewStarted'
04-13 23:32:19.298  3678  3802 E unknown:UIManagerModuleConstantsHelper: Direct event name for 'CameraView' doesn't correspond to the naming convention, expected 'topEventName'->'onEventName', got 'topCameraPreviewStopped'->'onPreviewStopped'
04-13 23:32:20.306  3678  3802 E CapabilitiesByQuality: No supported EncoderProfiles
04-13 23:32:20.312  3678  3802 E CapabilitiesByQuality: No supported EncoderProfiles
04-13 23:32:25.721  1230  1850 E ctxmgr  : [ShushGestureSensor] Context hub handle not found [CONTEXT service_id=47 ]
04-13 23:32:32.596   638   796 E Nl80211Native: getChannelsMhzForBand: Wiphy index not recorded for band 8
04-13 23:32:32.596   638   796 E Nl80211Native: getChannelsMhzForBand: Wiphy index not recorded for band 16
04-13 23:32:35.240   638  1932 E JobScheduler.JobStatus: App com.google.android.apps.photos became active but still in NEVER bucket
04-13 23:32:54.138  1542  3897 E GoogleSettingsUtils: Cannot write token, exception in Context lookup [CONTEXT service_id=130 ]
04-13 23:32:54.138  1542  3897 E GoogleSettingsUtils: java.io.FileNotFoundException: /data/user/0/com.google.android.gsf/files/security_token: open failed: ENOENT (No such file or directory)
04-13 23:32:54.138  1542  3897 E GoogleSettingsUtils: 	at libcore.io.IoBridge.open(IoBridge.java:574)
04-13 23:32:54.138  1542  3897 E GoogleSettingsUtils: 	at java.io.FileOutputStream.<init>(FileOutputStream.java:259)
04-13 23:32:54.138  1542  3897 E GoogleSettingsUtils: 	at android.app.ContextImpl.openFileOutput(ContextImpl.java:838)
04-13 23:32:54.138  1542  3897 E GoogleSettingsUtils: 	at bbqk.a(:com.google.android.gms@261133035@26.11.33 (260400-887465546):1738)
04-13 23:32:54.138  1542  3897 E GoogleSettingsUtils: 	at bbru.a(:com.google.android.gms@261133035@26.11.33 (260400-887465546):824)
04-13 23:32:54.138  1542  3897 E GoogleSettingsUtils: 	at com.google.android.gms.checkin.CheckinIntentOperation.onHandleIntent(:com.google.android.gms@261133035@26.11.33 (260400-887465546):30)
04-13 23:32:54.138  1542  3897 E GoogleSettingsUtils: 	at com.google.android.chimera.IntentOperation.onHandleIntent(:com.google.android.gms@261133035@26.11.33 (260400-887465546):1)
04-13 23:32:54.138  1542  3897 E GoogleSettingsUtils: 	at bcfb.onHandleIntent(:com.google.android.gms@261133035@26.11.33 (260400-887465546):84)
04-13 23:32:54.138  1542  3897 E GoogleSettingsUtils: 	at aaun.run(:com.google.android.gms@261133035@26.11.33 (260400-887465546):64)
04-13 23:32:54.138  1542  3897 E GoogleSettingsUtils: 	at aaum.run(:com.google.android.gms@261133035@26.11.33 (260400-887465546):132)
04-13 23:32:54.138  1542  3897 E GoogleSettingsUtils: 	at gxly.run(:com.google.android.gms@261133035@26.11.33 (260400-887465546):19)
04-13 23:32:54.138  1542  3897 E GoogleSettingsUtils: 	at java.util.concurrent.ThreadPoolExecutor.runWorker(ThreadPoolExecutor.java:1100)
04-13 23:32:54.138  1542  3897 E GoogleSettingsUtils: 	at java.util.concurrent.ThreadPoolExecutor$Worker.run(ThreadPoolExecutor.java:624)
04-13 23:32:54.138  1542  3897 E GoogleSettingsUtils: 	at java.lang.Thread.run(Thread.java:1572)
04-13 23:32:54.138  1542  3897 E GoogleSettingsUtils: Caused by: android.system.ErrnoException: open failed: ENOENT (No such file or directory)
04-13 23:32:54.138  1542  3897 E GoogleSettingsUtils: 	at libcore.io.Linux.open(Native Method)
04-13 23:32:54.138  1542  3897 E GoogleSettingsUtils: 	at libcore.io.ForwardingOs.open(ForwardingOs.java:579)
04-13 23:32:54.138  1542  3897 E GoogleSettingsUtils: 	at libcore.io.BlockGuardOs.open(BlockGuardOs.java:274)
04-13 23:32:54.138  1542  3897 E GoogleSettingsUtils: 	at libcore.io.ForwardingOs.open(ForwardingOs.java:579)
04-13 23:32:54.138  1542  3897 E GoogleSettingsUtils: 	at android.app.AndroidForwardingOs.open(AndroidForwardingOs.java:120)
04-13 23:32:54.138  1542  3897 E GoogleSettingsUtils: 	at libcore.io.IoBridge.open(IoBridge.java:560)
04-13 23:32:54.138  1542  3897 E GoogleSettingsUtils: 	... 13 more
04-13 23:32:54.168  1542  1542 E ChimeraRcvrProxy: com.google.android.gms.backup.GmsBackupStatusChangeReceiver dropping broadcast com.google.gservices.intent.action.GSERVICES_CHANGED
04-13 23:32:54.251  1542  3921 E ActivityThread: Failed to find provider info for subscribedfeeds
04-13 23:32:54.255  1542  3921 E ActivityThread: Failed to find provider info for subscribedfeeds
04-13 23:32:55.988  1834  2225 E Volley  : [70] mtl.a: Unexpected response code 429 for https://play-fe.googleapis.com/fdfe/apps/contentSync?nocache_qos=lt
04-13 23:33:00.500  3952  3977 E ActivityThread: Failed to find provider info for androidx.car.app.connection
04-13 23:33:00.573  3952  3972 E DialerRestVvmCarrierService: com.android.dialer.voicemail.service.impl.vvmclients.rest.RestVvmCarrierService.getMsisdn:349 Retrieved phone number in an unexpected format: +15551234567 [CONTEXT disable_client_error_logging=true ]
04-13 23:33:00.573  3952  3972 E DialerRestVvmCarrierService: afuy: MEDIUM
04-13 23:33:00.573  3952  3972 E DialerRestVvmCarrierService: 	at a.dI(PG:15)
04-13 23:33:00.573  3952  3972 E DialerRestVvmCarrierService: 	at tkb.apply(PG:471)
04-13 23:33:00.573  3952  3972 E DialerRestVvmCarrierService: 	at aeyq.apply(PG:17)
04-13 23:33:00.573  3952  3972 E DialerRestVvmCarrierService: 	at agia.d(PG:3)
04-13 23:33:00.573  3952  3972 E DialerRestVvmCarrierService: 	at agib.run(PG:47)
04-13 23:33:00.573  3952  3972 E DialerRestVvmCarrierService: 	at zgq.run(PG:7)
04-13 23:33:00.573  3952  3972 E DialerRestVvmCarrierService: 	at agbk.run(PG:44)
04-13 23:33:00.573  3952  3972 E DialerRestVvmCarrierService: 	at xyv.run(PG:80)
04-13 23:33:00.573  3952  3972 E DialerRestVvmCarrierService: 	at wpp.run(PG:314)
04-13 23:33:00.573  3952  3972 E DialerRestVvmCarrierService: 	at java.lang.Thread.run(Thread.java:1572)
04-13 23:33:00.573  3952  3972 E DialerRestVvmCarrierService: 	at zhr.run(PG:61)
04-13 23:33:00.623  3952  3974 E DialerRestVvmCarrierService: com.android.dialer.voicemail.service.impl.vvmclients.rest.RestVvmCarrierService.getMsisdn:349 Retrieved phone number in an unexpected format: +15551234567 [CONTEXT disable_client_error_logging=true ]
04-13 23:33:00.623  3952  3974 E DialerRestVvmCarrierService: afuy: MEDIUM
04-13 23:33:00.623  3952  3974 E DialerRestVvmCarrierService: 	at a.dI(PG:15)
04-13 23:33:00.623  3952  3974 E DialerRestVvmCarrierService: 	at tkb.apply(PG:471)
04-13 23:33:00.623  3952  3974 E DialerRestVvmCarrierService: 	at aeyq.apply(PG:17)
04-13 23:33:00.623  3952  3974 E DialerRestVvmCarrierService: 	at agia.d(PG:3)
04-13 23:33:00.623  3952  3974 E DialerRestVvmCarrierService: 	at agib.run(PG:47)
04-13 23:33:00.623  3952  3974 E DialerRestVvmCarrierService: 	at zgq.run(PG:7)
04-13 23:33:00.623  3952  3974 E DialerRestVvmCarrierService: 	at agbk.run(PG:44)
04-13 23:33:00.623  3952  3974 E DialerRestVvmCarrierService: 	at xyv.run(PG:80)
04-13 23:33:00.623  3952  3974 E DialerRestVvmCarrierService: 	at wpp.run(PG:314)
04-13 23:33:00.623  3952  3974 E DialerRestVvmCarrierService: 	at java.lang.Thread.run(Thread.java:1572)
04-13 23:33:00.623  3952  3974 E DialerRestVvmCarrierService: 	at zhr.run(PG:61)
04-13 23:33:00.640  3952  3972 E DialerRestVvmCarrierService: com.android.dialer.voicemail.service.impl.vvmclients.rest.RestVvmCarrierService.getMsisdn:349 Retrieved phone number in an unexpected format: +15551234567 [CONTEXT disable_client_error_logging=true ]
04-13 23:33:00.640  3952  3972 E DialerRestVvmCarrierService: afuy: MEDIUM
04-13 23:33:00.640  3952  3972 E DialerRestVvmCarrierService: 	at a.dI(PG:15)
04-13 23:33:00.640  3952  3972 E DialerRestVvmCarrierService: 	at tkb.apply(PG:471)
04-13 23:33:00.640  3952  3972 E DialerRestVvmCarrierService: 	at aeyq.apply(PG:17)
04-13 23:33:00.640  3952  3972 E DialerRestVvmCarrierService: 	at agia.d(PG:3)
04-13 23:33:00.640  3952  3972 E DialerRestVvmCarrierService: 	at agib.run(PG:47)
04-13 23:33:00.640  3952  3972 E DialerRestVvmCarrierService: 	at zgq.run(PG:7)
04-13 23:33:00.640  3952  3972 E DialerRestVvmCarrierService: 	at agbk.run(PG:44)
04-13 23:33:00.640  3952  3972 E DialerRestVvmCarrierService: 	at xyv.run(PG:80)
04-13 23:33:00.640  3952  3972 E DialerRestVvmCarrierService: 	at wpp.run(PG:314)
04-13 23:33:00.640  3952  3972 E DialerRestVvmCarrierService: 	at java.lang.Thread.run(Thread.java:1572)
04-13 23:33:00.640  3952  3972 E DialerRestVvmCarrierService: 	at zhr.run(PG:61)
04-13 23:33:00.685  3952  3972 E DialerVvmExecutorImpl: com.android.dialer.voicemail.service.impl.scheduler.VvmExecutorImpl.executeWorkOnCarrierService:503 Exception during vvm work for ComponentInfo{com.android.phone/com.android.services.telephony.TelephonyConnectionService}, 1, UserHandle{0} [CONTEXT enable_persistent_logger=true ]
04-13 23:33:00.685  3952  3972 E DialerVvmExecutorImpl: tgw: VVM failure reason: 2
04-13 23:33:00.685  3952  3972 E DialerVvmExecutorImpl: 	at toy.onAuthenticationFailure(PG:93)
04-13 23:33:00.685  3952  3972 E DialerVvmExecutorImpl: 	at android.telephony.TelephonyManager$19.lambda$onAuthenticationFailure$1(TelephonyManager.java:17993)
04-13 23:33:00.685  3952  3972 E DialerVvmExecutorImpl: 	at android.telephony.TelephonyManager$19$$ExternalSyntheticLambda1.run(D8$$SyntheticClass:0)
04-13 23:33:00.685  3952  3972 E DialerVvmExecutorImpl: 	at zgq.run(PG:7)
04-13 23:33:00.685  3952  3972 E DialerVvmExecutorImpl: 	at agbk.run(PG:44)
04-13 23:33:00.685  3952  3972 E DialerVvmExecutorImpl: 	at xyv.run(PG:80)
04-13 23:33:00.685  3952  3972 E DialerVvmExecutorImpl: 	at wpp.run(PG:314)
04-13 23:33:00.685  3952  3972 E DialerVvmExecutorImpl: 	at java.lang.Thread.run(Thread.java:1572)
04-13 23:33:00.685  3952  3972 E DialerVvmExecutorImpl: 	at zhr.run(PG:61)
04-13 23:33:00.692  3678  3793 E unknown:ReactHost: Unhandled SoftException
04-13 23:33:00.692  3678  3793 E unknown:ReactHost: com.facebook.react.bridge.ReactNoCrashSoftException: raiseSoftException(getOrCreateReloadTask()): BridgelessDevSupportManager.handleReloadJS()
04-13 23:33:00.692  3678  3793 E unknown:ReactHost: 	at com.facebook.react.runtime.ReactHostImpl.raiseSoftException(ReactHostImpl.kt:787)
04-13 23:33:00.692  3678  3793 E unknown:ReactHost: 	at com.facebook.react.runtime.ReactHostImpl.raiseSoftException$default(ReactHostImpl.kt:779)
04-13 23:33:00.692  3678  3793 E unknown:ReactHost: 	at com.facebook.react.runtime.ReactHostImpl.getOrCreateReloadTask(ReactHostImpl.kt:1169)
04-13 23:33:00.692  3678  3793 E unknown:ReactHost: 	at com.facebook.react.runtime.ReactHostImpl.reload$lambda$7(ReactHostImpl.kt:374)
04-13 23:33:00.692  3678  3793 E unknown:ReactHost: 	at com.facebook.react.runtime.ReactHostImpl.$r8$lambda$GojbfAZ9Zd8e_RImDRCRdgNgynE(ReactHostImpl.kt:0)
04-13 23:33:00.692  3678  3793 E unknown:ReactHost: 	at com.facebook.react.runtime.ReactHostImpl$$ExternalSyntheticLambda0.call(D8$$SyntheticClass:0)
04-13 23:33:00.692  3678  3793 E unknown:ReactHost: 	at com.facebook.react.runtime.internal.bolts.Task$Companion.call$lambda$2(Task.kt:315)
04-13 23:33:00.692  3678  3793 E unknown:ReactHost: 	at com.facebook.react.runtime.internal.bolts.Task$Companion.$r8$lambda$MFqd_-X5KhHmu0hvNE2Bec_4mJM(Task.kt:0)
04-13 23:33:00.692  3678  3793 E unknown:ReactHost: 	at com.facebook.react.runtime.internal.bolts.Task$Companion$$ExternalSyntheticLambda1.run(D8$$SyntheticClass:0)
04-13 23:33:00.692  3678  3793 E unknown:ReactHost: 	at java.util.concurrent.ThreadPoolExecutor.runWorker(ThreadPoolExecutor.java:1100)
04-13 23:33:00.692  3678  3793 E unknown:ReactHost: 	at java.util.concurrent.ThreadPoolExecutor$Worker.run(ThreadPoolExecutor.java:624)
04-13 23:33:00.692  3678  3793 E unknown:ReactHost: 	at java.lang.Thread.run(Thread.java:1572)
04-13 23:33:00.697  3678  3678 E unknown:ReactHost: Unhandled SoftException
04-13 23:33:00.697  3678  3678 E unknown:ReactHost: com.facebook.react.bridge.ReactNoCrashSoftException: raiseSoftException(callWithExistingReactInstance(callFunctionOnModule("RCTDeviceEventEmitter", "emit"))): Execute: reactInstance is null. Dropping work.
04-13 23:33:00.697  3678  3678 E unknown:ReactHost: 	at com.facebook.react.runtime.ReactHostImpl.raiseSoftException(ReactHostImpl.kt:787)
04-13 23:33:00.697  3678  3678 E unknown:ReactHost: 	at com.facebook.react.runtime.ReactHostImpl.raiseSoftException$default(ReactHostImpl.kt:779)
04-13 23:33:00.697  3678  3678 E unknown:ReactHost: 	at com.facebook.react.runtime.ReactHostImpl.callWithExistingReactInstance$lambda$28(ReactHostImpl.kt:802)
04-13 23:33:00.697  3678  3678 E unknown:ReactHost: 	at com.facebook.react.runtime.ReactHostImpl.$r8$lambda$6NreFt2BcPly8g6qrNV9Z1C-YmU(ReactHostImpl.kt:0)
04-13 23:33:00.697  3678  3678 E unknown:ReactHost: 	at com.facebook.react.runtime.ReactHostImpl$$ExternalSyntheticLambda31.then(D8$$SyntheticClass:0)
04-13 23:33:00.697  3678  3678 E unknown:ReactHost: 	at com.facebook.react.runtime.internal.bolts.Task$Companion.completeImmediately$lambda$3(Task.kt:356)
04-13 23:33:00.697  3678  3678 E unknown:ReactHost: 	at com.facebook.react.runtime.internal.bolts.Task$Companion.$r8$lambda$b7MTC0ufkn_2TjF4BGcNqGR9qK0(Task.kt:0)
04-13 23:33:00.697  3678  3678 E unknown:ReactHost: 	at com.facebook.react.runtime.internal.bolts.Task$Companion$$ExternalSyntheticLambda3.run(D8$$SyntheticClass:0)
04-13 23:33:00.697  3678  3678 E unknown:ReactHost: 	at com.facebook.react.runtime.internal.bolts.Executors$ImmediateExecutor.execute(Executors.kt:41)
04-13 23:33:00.697  3678  3678 E unknown:ReactHost: 	at com.facebook.react.runtime.internal.bolts.Task$Companion.completeImmediately(Task.kt:354)
04-13 23:33:00.697  3678  3678 E unknown:ReactHost: 	at com.facebook.react.runtime.internal.bolts.Task$Companion.access$completeImmediately(Task.kt:250)
04-13 23:33:00.697  3678  3678 E unknown:ReactHost: 	at com.facebook.react.runtime.internal.bolts.Task.continueWith(Task.kt:132)
04-13 23:33:00.697  3678  3678 E unknown:ReactHost: 	at com.facebook.react.runtime.internal.bolts.Task.continueWith$default(Task.kt:117)
04-13 23:33:00.697  3678  3678 E unknown:ReactHost: 	at com.facebook.react.runtime.internal.bolts.Task.onSuccess$lambda$12(Task.kt:174)
04-13 23:33:00.697  3678  3678 E unknown:ReactHost: 	at com.facebook.react.runtime.internal.bolts.Task.$r8$lambda$l0wwo5AvbHxlwfI1R7CH_codxoo(Task.kt:0)
04-13 23:33:00.697  3678  3678 E unknown:ReactHost: 	at com.facebook.react.runtime.internal.bolts.Task$$ExternalSyntheticLambda2.then(D8$$SyntheticClass:0)
04-13 23:33:00.697  3678  3678 E unknown:ReactHost: 	at com.facebook.react.runtime.internal.bolts.Task$Companion.completeAfterTask$lambda$5(Task.kt:390)
04-13 23:33:00.697  3678  3678 E unknown:ReactHost: 	at com.facebook.react.runtime.internal.bolts.Task$Companion.$r8$lambda$IPpysnehFwANEiW061YzapkMdoE(Task.kt:0)
04-13 23:33:00.697  3678  3678 E unknown:ReactHost: 	at com.facebook.react.runtime.internal.bolts.Task$Companion$$ExternalSyntheticLambda4.run(D8$$SyntheticClass:0)
04-13 23:33:00.697  3678  3678 E unknown:ReactHost: 	at com.facebook.react.runtime.internal.bolts.Executors$ImmediateExecutor.execute(Executors.kt:41)
04-13 23:33:00.697  3678  3678 E unknown:ReactHost: 	at com.facebook.react.runtime.internal.bolts.Task$Companion.completeAfterTask(Task.kt:388)
04-13 23:33:00.697  3678  3678 E unknown:ReactHost: 	at com.facebook.react.runtime.internal.bolts.Task$Companion.access$completeAfterTask(Task.kt:250)
04-13 23:33:00.697  3678  3678 E unknown:ReactHost: 	at com.facebook.react.runtime.internal.bolts.Task.continueWithTask(Task.kt:156)
04-13 23:33:00.697  3678  3678 E unknown:ReactHost: 	at com.facebook.react.runtime.internal.bolts.Task.onSuccess(Task.kt:169)
04-13 23:33:00.697  3678  3678 E unknown:ReactHost: 	at com.facebook.react.runtime.ReactHostImpl.callWithExistingReactInstance(ReactHostImpl.kt:798)
04-13 23:33:00.697  3678  3678 E unknown:ReactHost: 	at com.facebook.react.runtime.ReactHostImpl.callWithExistingReactInstance$default(ReactHostImpl.kt:791)
04-13 23:33:00.697  3678  3678 E unknown:ReactHost: 	at com.facebook.react.runtime.ReactHostImpl.callFunctionOnModule$ReactAndroid_debug(ReactHostImpl.kt:687)
04-13 23:33:00.697  3678  3678 E unknown:ReactHost: 	at com.facebook.react.runtime.BridgelessReactContext.emitDeviceEvent(BridgelessReactContext.kt:134)
04-13 23:33:00.697  3678  3678 E unknown:ReactHost: 	at com.facebook.react.modules.appstate.AppStateModule.sendEvent(AppStateModule.kt:71)
04-13 23:33:00.697  3678  3678 E unknown:ReactHost: 	at com.facebook.react.modules.appstate.AppStateModule.sendAppStateChangeEvent(AppStateModule.kt:75)
04-13 23:33:00.697  3678  3678 E unknown:ReactHost: 	at com.facebook.react.modules.appstate.AppStateModule.onHostPause(AppStateModule.kt:48)
04-13 23:33:00.697  3678  3678 E unknown:ReactHost: 	at com.facebook.react.bridge.ReactContext.onHostPause(ReactContext.java:302)
04-13 23:33:00.697  3678  3678 E unknown:ReactHost: 	at com.facebook.react.runtime.ReactHostImpl.getOrCreateReloadTask$lambda$48(ReactHostImpl.kt:1196)
04-13 23:33:00.697  3678  3678 E unknown:ReactHost: 	at com.facebook.react.runtime.ReactHostImpl.$r8$lambda$n_Y6aPKLobKy995EhenWeF-aRv4(ReactHostImpl.kt:0)
04-13 23:33:00.697  3678  3678 E unknown:ReactHost: 	at com.facebook.react.runtime.ReactHostImpl$$ExternalSyntheticLambda8.then(D8$$SyntheticClass:0)
04-13 23:33:00.697  3678  3678 E unknown:ReactHost: 	at com.facebook.react.runtime.internal.bolts.Task$Companion.completeAfterTask$lambda$5(Task.kt:390)
04-13 23:33:00.697  3678  3678 E unknown:ReactHost: 	at com.facebook.react.runtime.internal.bolts.Task$Companion.$r8$lambda$IPpysnehFwANEiW061YzapkMdoE(Task.kt:0)
04-13 23:33:00.697  3678  3678 E unknown:ReactHost: 	at com.facebook.react.runtime.internal.bolts.Task$Companion$$ExternalSyntheticLambda4.run(D8$$SyntheticClass:0)
04-13 23:33:00.697  3678  3678 E unknown:ReactHost: 	at android.os.Handler.handleCallback(Handler.java:1095)
04-13 23:33:00.697  3678  3678 E unknown:ReactHost: 	at android.os.Handler.dispatchMessageImpl(Handler.java:135)
